GowinSynthesis start
Running parser ...
Analyzing Verilog file 'C:\Projects\mmsoft\V9968_Cartridge\fpga\V9968_Cartridge_TangNano20K_geo3d\src\debugger\ip_debugger.v'
Analyzing Verilog file 'C:\Projects\mmsoft\V9968_Cartridge\fpga\V9968_Cartridge_TangNano20K_geo3d\src\dvi_tx\dvi_tx.v'
Analyzing Verilog file 'C:\Projects\mmsoft\V9968_Cartridge\fpga\V9968_Cartridge_TangNano20K_geo3d\src\gowin_clkdiv\gowin_clkdiv.v'
Analyzing Verilog file 'C:\Projects\mmsoft\V9968_Cartridge\fpga\V9968_Cartridge_TangNano20K_geo3d\src\gowin_rpll\gowin_rpll.v'
Analyzing Verilog file 'C:\Projects\mmsoft\V9968_Cartridge\fpga\V9968_Cartridge_TangNano20K_geo3d\src\gowin_rpll2\gowin_rpll2.v'
Analyzing Verilog file 'C:\Projects\mmsoft\V9968_Cartridge\fpga\V9968_Cartridge_TangNano20K_geo3d\src\msx_slot\msx_slot.v'
Analyzing Verilog file 'C:\Projects\mmsoft\V9968_Cartridge\fpga\V9968_Cartridge_TangNano20K_geo3d\src\ram\ip_ram.v'
Analyzing Verilog file 'C:\Projects\mmsoft\V9968_Cartridge\fpga\V9968_Cartridge_TangNano20K_geo3d\src\sdram\ip_sdram_tangnano20k_c.v'
Analyzing Verilog file 'C:\Projects\mmsoft\V9968_Cartridge\fpga\V9968_Cartridge_TangNano20K_geo3d\src\tangnano20k_vdp_cartridge.v'
Analyzing Verilog file 'C:\Projects\mmsoft\V9968_Cartridge\fpga\V9968_Cartridge_TangNano20K_geo3d\src\v9968\vdp.v'
Undeclared symbol 'w_vram_interleave', assumed default net type 'wire'("C:\Projects\mmsoft\V9968_Cartridge\fpga\V9968_Cartridge_TangNano20K_geo3d\src\v9968\vdp.v":352)
Analyzing Verilog file 'C:\Projects\mmsoft\V9968_Cartridge\fpga\V9968_Cartridge_TangNano20K_geo3d\src\geo3d\geo3d_core.v'
Analyzing Verilog file 'C:\Projects\mmsoft\V9968_Cartridge\fpga\V9968_Cartridge_TangNano20K_geo3d\src\geo3d\geo3d_engine.v'
Analyzing Verilog file 'C:\Projects\mmsoft\V9968_Cartridge\fpga\V9968_Cartridge_TangNano20K_geo3d\src\geo3d\geo3d_bus.v'
Analyzing Verilog file 'C:\Projects\mmsoft\V9968_Cartridge\fpga\V9968_Cartridge_TangNano20K_geo3d\src\v9968\vdp_color_palette.v'
Analyzing Verilog file 'C:\Projects\mmsoft\V9968_Cartridge\fpga\V9968_Cartridge_TangNano20K_geo3d\src\v9968\vdp_color_palette_ram.v'
Analyzing Verilog file 'C:\Projects\mmsoft\V9968_Cartridge\fpga\V9968_Cartridge_TangNano20K_geo3d\src\v9968\vdp_command.v'
Analyzing Verilog file 'C:\Projects\mmsoft\V9968_Cartridge\fpga\V9968_Cartridge_TangNano20K_geo3d\src\v9968\vdp_command_cache.v'
Analyzing Verilog file 'C:\Projects\mmsoft\V9968_Cartridge\fpga\V9968_Cartridge_TangNano20K_geo3d\src\v9968\vdp_cpu_interface.v'
Analyzing Verilog file 'C:\Projects\mmsoft\V9968_Cartridge\fpga\V9968_Cartridge_TangNano20K_geo3d\src\v9968\vdp_sprite_divide_table.v'
Analyzing Verilog file 'C:\Projects\mmsoft\V9968_Cartridge\fpga\V9968_Cartridge_TangNano20K_geo3d\src\v9968\vdp_sprite_info_collect.v'
Analyzing Verilog file 'C:\Projects\mmsoft\V9968_Cartridge\fpga\V9968_Cartridge_TangNano20K_geo3d\src\v9968\vdp_sprite_makeup_pixel.v'
Analyzing Verilog file 'C:\Projects\mmsoft\V9968_Cartridge\fpga\V9968_Cartridge_TangNano20K_geo3d\src\v9968\vdp_sprite_select_visible_planes.v'
Analyzing Verilog file 'C:\Projects\mmsoft\V9968_Cartridge\fpga\V9968_Cartridge_TangNano20K_geo3d\src\v9968\vdp_timing_control.v'
Analyzing Verilog file 'C:\Projects\mmsoft\V9968_Cartridge\fpga\V9968_Cartridge_TangNano20K_geo3d\src\v9968\vdp_timing_control_screen_mode.v'
Analyzing Verilog file 'C:\Projects\mmsoft\V9968_Cartridge\fpga\V9968_Cartridge_TangNano20K_geo3d\src\v9968\vdp_timing_control_sprite.v'
Analyzing Verilog file 'C:\Projects\mmsoft\V9968_Cartridge\fpga\V9968_Cartridge_TangNano20K_geo3d\src\v9968\vdp_timing_control_ssg.v'
Undeclared symbol 'dot_phase', assumed default net type 'wire'("C:\Projects\mmsoft\V9968_Cartridge\fpga\V9968_Cartridge_TangNano20K_geo3d\src\v9968\vdp_timing_control_ssg.v":449)
Analyzing Verilog file 'C:\Projects\mmsoft\V9968_Cartridge\fpga\V9968_Cartridge_TangNano20K_geo3d\src\v9968\vdp_upscan.v'
Analyzing Verilog file 'C:\Projects\mmsoft\V9968_Cartridge\fpga\V9968_Cartridge_TangNano20K_geo3d\src\v9968\vdp_upscan_line_buffer.v'
Analyzing Verilog file 'C:\Projects\mmsoft\V9968_Cartridge\fpga\V9968_Cartridge_TangNano20K_geo3d\src\v9968\vdp_video_double_buffer.v'
Analyzing Verilog file 'C:\Projects\mmsoft\V9968_Cartridge\fpga\V9968_Cartridge_TangNano20K_geo3d\src\v9968\vdp_video_out.v'
Undeclared symbol 'w_display_en', assumed default net type 'wire'("C:\Projects\mmsoft\V9968_Cartridge\fpga\V9968_Cartridge_TangNano20K_geo3d\src\v9968\vdp_video_out.v":380)
Analyzing Verilog file 'C:\Projects\mmsoft\V9968_Cartridge\fpga\V9968_Cartridge_TangNano20K_geo3d\src\v9968\vdp_video_out_bilinear.v'
Analyzing Verilog file 'C:\Projects\mmsoft\V9968_Cartridge\fpga\V9968_Cartridge_TangNano20K_geo3d\src\v9968\vdp_video_ram_line_buffer.v'
Analyzing Verilog file 'C:\Projects\mmsoft\V9968_Cartridge\fpga\V9968_Cartridge_TangNano20K_geo3d\src\v9968\vdp_vram_interface.v'
Analyzing Verilog file 'C:\Projects\mmsoft\V9968_Cartridge\fpga\V9968_Cartridge_TangNano20K_geo3d\src\ws2812_led\ip_ws2812_led.v'
Compiling module 'tangnano20k_vdp_cartridge'("C:\Projects\mmsoft\V9968_Cartridge\fpga\V9968_Cartridge_TangNano20K_geo3d\src\tangnano20k_vdp_cartridge.v":24)
Compiling module 'Gowin_rPLL'("C:\Projects\mmsoft\V9968_Cartridge\fpga\V9968_Cartridge_TangNano20K_geo3d\src\gowin_rpll\gowin_rpll.v":10)
Compiling module 'Gowin_rPLL2'("C:\Projects\mmsoft\V9968_Cartridge\fpga\V9968_Cartridge_TangNano20K_geo3d\src\gowin_rpll2\gowin_rpll2.v":10)
Compiling module 'Gowin_CLKDIV'("C:\Projects\mmsoft\V9968_Cartridge\fpga\V9968_Cartridge_TangNano20K_geo3d\src\gowin_clkdiv\gowin_clkdiv.v":10)
Compiling module 'msx_slot'("C:\Projects\mmsoft\V9968_Cartridge\fpga\V9968_Cartridge_TangNano20K_geo3d\src\msx_slot\msx_slot.v":58)
Compiling module 'geo3d_bus'("C:\Projects\mmsoft\V9968_Cartridge\fpga\V9968_Cartridge_TangNano20K_geo3d\src\geo3d\geo3d_bus.v":27)
Compiling module 'geo3d_engine'("C:\Projects\mmsoft\V9968_Cartridge\fpga\V9968_Cartridge_TangNano20K_geo3d\src\geo3d\geo3d_engine.v":99)
Extracting RAM for identifier 'vmem'("C:\Projects\mmsoft\V9968_Cartridge\fpga\V9968_Cartridge_TangNano20K_geo3d\src\geo3d\geo3d_engine.v":144)
Extracting RAM for identifier 'emem'("C:\Projects\mmsoft\V9968_Cartridge\fpga\V9968_Cartridge_TangNano20K_geo3d\src\geo3d\geo3d_engine.v":145)
Extracting RAM for identifier 'pmem'("C:\Projects\mmsoft\V9968_Cartridge\fpga\V9968_Cartridge_TangNano20K_geo3d\src\geo3d\geo3d_engine.v":146)
Extracting RAM for identifier 'fmem'("C:\Projects\mmsoft\V9968_Cartridge\fpga\V9968_Cartridge_TangNano20K_geo3d\src\geo3d\geo3d_engine.v":168)
Extracting RAM for identifier 'smem'("C:\Projects\mmsoft\V9968_Cartridge\fpga\V9968_Cartridge_TangNano20K_geo3d\src\geo3d\geo3d_engine.v":169)
Extracting RAM for identifier 'tmem'("C:\Projects\mmsoft\V9968_Cartridge\fpga\V9968_Cartridge_TangNano20K_geo3d\src\geo3d\geo3d_engine.v":170)
Extracting RAM for identifier 'msh'("C:\Projects\mmsoft\V9968_Cartridge\fpga\V9968_Cartridge_TangNano20K_geo3d\src\geo3d\geo3d_engine.v":211)
Compiling module 'geo3d_core'("C:\Projects\mmsoft\V9968_Cartridge\fpga\V9968_Cartridge_TangNano20K_geo3d\src\geo3d\geo3d_core.v":39)
Extracting RAM for identifier 'm'("C:\Projects\mmsoft\V9968_Cartridge\fpga\V9968_Cartridge_TangNano20K_geo3d\src\geo3d\geo3d_core.v":54)
WARN  (EX3791) : Expression size 34 truncated to fit in target size 21("C:\Projects\mmsoft\V9968_Cartridge\fpga\V9968_Cartridge_TangNano20K_geo3d\src\geo3d\geo3d_core.v":129)
WARN  (EX3791) : Expression size 34 truncated to fit in target size 21("C:\Projects\mmsoft\V9968_Cartridge\fpga\V9968_Cartridge_TangNano20K_geo3d\src\geo3d\geo3d_core.v":130)
WARN  (EX3791) : Expression size 34 truncated to fit in target size 21("C:\Projects\mmsoft\V9968_Cartridge\fpga\V9968_Cartridge_TangNano20K_geo3d\src\geo3d\geo3d_core.v":131)
WARN  (EX3791) : Expression size 36 truncated to fit in target size 18("C:\Projects\mmsoft\V9968_Cartridge\fpga\V9968_Cartridge_TangNano20K_geo3d\src\geo3d\geo3d_engine.v":1014)
Compiling module 'vdp'("C:\Projects\mmsoft\V9968_Cartridge\fpga\V9968_Cartridge_TangNano20K_geo3d\src\v9968\vdp.v":58)
Compiling module 'vdp_cpu_interface'("C:\Projects\mmsoft\V9968_Cartridge\fpga\V9968_Cartridge_TangNano20K_geo3d\src\v9968\vdp_cpu_interface.v":58)
Compiling module 'vdp_timing_control'("C:\Projects\mmsoft\V9968_Cartridge\fpga\V9968_Cartridge_TangNano20K_geo3d\src\v9968\vdp_timing_control.v":57)
Compiling module 'vdp_timing_control_ssg'("C:\Projects\mmsoft\V9968_Cartridge\fpga\V9968_Cartridge_TangNano20K_geo3d\src\v9968\vdp_timing_control_ssg.v":58)
Compiling module 'vdp_timing_control_screen_mode'("C:\Projects\mmsoft\V9968_Cartridge\fpga\V9968_Cartridge_TangNano20K_geo3d\src\v9968\vdp_timing_control_screen_mode.v":58)
Compiling module 'vdp_timing_control_sprite'("C:\Projects\mmsoft\V9968_Cartridge\fpga\V9968_Cartridge_TangNano20K_geo3d\src\v9968\vdp_timing_control_sprite.v":58)
Compiling module 'vdp_sprite_select_visible_planes'("C:\Projects\mmsoft\V9968_Cartridge\fpga\V9968_Cartridge_TangNano20K_geo3d\src\v9968\vdp_sprite_select_visible_planes.v":58)
Compiling module 'vdp_sprite_info_collect'("C:\Projects\mmsoft\V9968_Cartridge\fpga\V9968_Cartridge_TangNano20K_geo3d\src\v9968\vdp_sprite_info_collect.v":58)
Compiling module 'vdp_sprite_makeup_pixel'("C:\Projects\mmsoft\V9968_Cartridge\fpga\V9968_Cartridge_TangNano20K_geo3d\src\v9968\vdp_sprite_makeup_pixel.v":58)
Compiling module 'vdp_sprite_divide_table'("C:\Projects\mmsoft\V9968_Cartridge\fpga\V9968_Cartridge_TangNano20K_geo3d\src\v9968\vdp_sprite_divide_table.v":58)
Compiling module 'vdp_command'("C:\Projects\mmsoft\V9968_Cartridge\fpga\V9968_Cartridge_TangNano20K_geo3d\src\v9968\vdp_command.v":57)
Compiling module 'vdp_command_cache'("C:\Projects\mmsoft\V9968_Cartridge\fpga\V9968_Cartridge_TangNano20K_geo3d\src\v9968\vdp_command_cache.v":57)
Compiling module 'vdp_vram_interface'("C:\Projects\mmsoft\V9968_Cartridge\fpga\V9968_Cartridge_TangNano20K_geo3d\src\v9968\vdp_vram_interface.v":58)
Compiling module 'vdp_color_palette'("C:\Projects\mmsoft\V9968_Cartridge\fpga\V9968_Cartridge_TangNano20K_geo3d\src\v9968\vdp_color_palette.v":58)
Compiling module 'vdp_color_palette_ram'("C:\Projects\mmsoft\V9968_Cartridge\fpga\V9968_Cartridge_TangNano20K_geo3d\src\v9968\vdp_color_palette_ram.v":58)
Extracting RAM for identifier 'ram_r'("C:\Projects\mmsoft\V9968_Cartridge\fpga\V9968_Cartridge_TangNano20K_geo3d\src\v9968\vdp_color_palette_ram.v":73)
Extracting RAM for identifier 'ram_g'("C:\Projects\mmsoft\V9968_Cartridge\fpga\V9968_Cartridge_TangNano20K_geo3d\src\v9968\vdp_color_palette_ram.v":74)
Extracting RAM for identifier 'ram_b'("C:\Projects\mmsoft\V9968_Cartridge\fpga\V9968_Cartridge_TangNano20K_geo3d\src\v9968\vdp_color_palette_ram.v":75)
Compiling module 'vdp_upscan'("C:\Projects\mmsoft\V9968_Cartridge\fpga\V9968_Cartridge_TangNano20K_geo3d\src\v9968\vdp_upscan.v":60)
Compiling module 'vdp_upscan_line_buffer'("C:\Projects\mmsoft\V9968_Cartridge\fpga\V9968_Cartridge_TangNano20K_geo3d\src\v9968\vdp_upscan_line_buffer.v":58)
Extracting RAM for identifier 'ff_imem'("C:\Projects\mmsoft\V9968_Cartridge\fpga\V9968_Cartridge_TangNano20K_geo3d\src\v9968\vdp_upscan_line_buffer.v":66)
Compiling module 'vdp_video_out'("C:\Projects\mmsoft\V9968_Cartridge\fpga\V9968_Cartridge_TangNano20K_geo3d\src\v9968\vdp_video_out.v":60)
Compiling module 'vdp_video_double_buffer'("C:\Projects\mmsoft\V9968_Cartridge\fpga\V9968_Cartridge_TangNano20K_geo3d\src\v9968\vdp_video_double_buffer.v":58)
Compiling module 'vdp_video_ram_line_buffer'("C:\Projects\mmsoft\V9968_Cartridge\fpga\V9968_Cartridge_TangNano20K_geo3d\src\v9968\vdp_video_ram_line_buffer.v":58)
Extracting RAM for identifier 'ff_imem'("C:\Projects\mmsoft\V9968_Cartridge\fpga\V9968_Cartridge_TangNano20K_geo3d\src\v9968\vdp_video_ram_line_buffer.v":66)
Compiling module 'vdp_video_out_bilinear'("C:\Projects\mmsoft\V9968_Cartridge\fpga\V9968_Cartridge_TangNano20K_geo3d\src\v9968\vdp_video_out_bilinear.v":60)
Compiling module 'DVI_TX_Top'("C:\Projects\mmsoft\V9968_Cartridge\fpga\V9968_Cartridge_TangNano20K_geo3d\src\dvi_tx\dvi_tx.v":1072)
Compiling module '**'("C:\Projects\mmsoft\V9968_Cartridge\fpga\V9968_Cartridge_TangNano20K_geo3d\src\dvi_tx\dvi_tx.v":1071)
Compiling module 'ip_sdram'("C:\Projects\mmsoft\V9968_Cartridge\fpga\V9968_Cartridge_TangNano20K_geo3d\src\sdram\ip_sdram_tangnano20k_c.v":57)
WARN  (EX3791) : Expression size 32 truncated to fit in target size 15("C:\Projects\mmsoft\V9968_Cartridge\fpga\V9968_Cartridge_TangNano20K_geo3d\src\sdram\ip_sdram_tangnano20k_c.v":285)
Compiling module 'ip_ws2812_led'("C:\Projects\mmsoft\V9968_Cartridge\fpga\V9968_Cartridge_TangNano20K_geo3d\src\ws2812_led\ip_ws2812_led.v":57)
Compiling module 'ip_debugger'("C:\Projects\mmsoft\V9968_Cartridge\fpga\V9968_Cartridge_TangNano20K_geo3d\src\debugger\ip_debugger.v":57)
NOTE  (EX0101) : Current top module is "tangnano20k_vdp_cartridge"
[5%] Running netlist conversion ...
WARN  (CV0016) : Input clk is unused("C:\Projects\mmsoft\V9968_Cartridge\fpga\V9968_Cartridge_TangNano20K_geo3d\src\tangnano20k_vdp_cartridge.v":25)
WARN  (CV0018) : Input button[1] is unused("C:\Projects\mmsoft\V9968_Cartridge\fpga\V9968_Cartridge_TangNano20K_geo3d\src\tangnano20k_vdp_cartridge.v":39)
Running device independent optimization ...
[10%] Optimizing Phase 0 completed
[15%] Optimizing Phase 1 completed
[25%] Optimizing Phase 2 completed
Running inference ...
[30%] Inferring Phase 0 completed
[40%] Inferring Phase 1 completed
[50%] Inferring Phase 2 completed
[55%] Inferring Phase 3 completed
Running technical mapping ...
[60%] Tech-Mapping Phase 0 completed
[65%] Tech-Mapping Phase 1 completed
[75%] Tech-Mapping Phase 2 completed
[80%] Tech-Mapping Phase 3 completed
[90%] Tech-Mapping Phase 4 completed
[95%] Generate netlist file "C:\Projects\mmsoft\V9968_Cartridge\fpga\V9968_Cartridge_TangNano20K_geo3d\impl\gwsynthesis\tangnano20k_vdp_cartridge.vg" completed
[100%] Generate report file "C:\Projects\mmsoft\V9968_Cartridge\fpga\V9968_Cartridge_TangNano20K_geo3d\impl\gwsynthesis\tangnano20k_vdp_cartridge_syn.rpt.html" completed
GowinSynthesis finish
