Info: Using uarch 'gowin' for device 'GW2AR-LV18QN88C8/I7'

Info: Cell O_sdram_clk not found
Info: Cell O_sdram_cke not found
Info: Cell O_sdram_cs_n not found
Info: Cell O_sdram_cas_n not found
Info: Cell O_sdram_ras_n not found
Info: Cell O_sdram_wen_n not found
Info: Cell O_sdram_dqm[0] not found
Info: Cell O_sdram_dqm[1] not found
Info: Cell O_sdram_dqm[2] not found
Info: Cell O_sdram_dqm[3] not found
Info: Cell O_sdram_addr[0] not found
Info: Cell O_sdram_addr[1] not found
Info: Cell O_sdram_addr[2] not found
Info: Cell O_sdram_addr[3] not found
Info: Cell O_sdram_addr[4] not found
Info: Cell O_sdram_addr[5] not found
Info: Cell O_sdram_addr[6] not found
Info: Cell O_sdram_addr[7] not found
Info: Cell O_sdram_addr[8] not found
Info: Cell O_sdram_addr[9] not found
Info: Cell O_sdram_addr[10] not found
Info: Cell O_sdram_ba[0] not found
Info: Cell O_sdram_ba[1] not found
Info: Cell IO_sdram_dq[0] not found
Info: Cell IO_sdram_dq[1] not found
Info: Cell IO_sdram_dq[2] not found
Info: Cell IO_sdram_dq[3] not found
Info: Cell IO_sdram_dq[4] not found
Info: Cell IO_sdram_dq[5] not found
Info: Cell IO_sdram_dq[6] not found
Info: Cell IO_sdram_dq[7] not found
Info: Cell IO_sdram_dq[8] not found
Info: Cell IO_sdram_dq[9] not found
Info: Cell IO_sdram_dq[10] not found
Info: Cell IO_sdram_dq[11] not found
Info: Cell IO_sdram_dq[12] not found
Info: Cell IO_sdram_dq[13] not found
Info: Cell IO_sdram_dq[14] not found
Info: Cell IO_sdram_dq[15] not found
Info: Cell IO_sdram_dq[16] not found
Info: Cell IO_sdram_dq[17] not found
Info: Cell IO_sdram_dq[18] not found
Info: Cell IO_sdram_dq[19] not found
Info: Cell IO_sdram_dq[20] not found
Info: Cell IO_sdram_dq[21] not found
Info: Cell IO_sdram_dq[22] not found
Info: Cell IO_sdram_dq[23] not found
Info: Cell IO_sdram_dq[24] not found
Info: Cell IO_sdram_dq[25] not found
Info: Cell IO_sdram_dq[26] not found
Info: Cell IO_sdram_dq[27] not found
Info: Cell IO_sdram_dq[28] not found
Info: Cell IO_sdram_dq[29] not found
Info: Cell IO_sdram_dq[30] not found
Info: Cell IO_sdram_dq[31] not found
Info: Reading constraints...
Info: Create constant nets...
Info: Modify LUTs...
Info: Pack IOBs...
Info: Pack I3C IOs...
Info: Pack MIPI IOs...
Info: Pack diff IOBs...
Info: Pack FFs into IO cells...
Info: Pack IODELAY...
Info: Pack Input Edge Monitors...
Info: Pack IO logic...
Info: Pack DESER16 logic...
Info: Pack GSR...
Info: Pack HCLK cells...
Info: Pack DLLDLYs...
Info: Pack wide LUTs...
Info: Packed MUX2_LUT8:1, MUX2_LU7:0, MUX2_LUT6:0, MUX2_LUT5:276
Info: Pack ALUs...
Info: Pack SSRAMs...
Info: Constrained 603 LUTFF pairs.
Info: Pack PLL...
Info: Pack ADC...
Info: Pack BSRAMs...
Info: Pack DSP...
Info: Pack INV...
Info: Pack buffered nets...
Info: Pack EMCU and UserFlash cells...
Info: Pack UserFlash cells...
Info: Pack DQCE cells...
Info: Pack DCS cells...
Info: Checksum: 0x2f1fb8f8

Info: Device utilisation:
Info: 	                 VCC:       1/      1   100%
Info: 	                 IOB:       6/    384     1%
Info: 	                LUT4:    2780/  20736    13%
Info: 	            IOLOGICI:       0/    384     0%
Info: 	            IOLOGICO:       0/    384     0%
Info: 	           MUX2_LUT5:     284/  10368     2%
Info: 	           MUX2_LUT6:       4/   5184     0%
Info: 	           MUX2_LUT7:       2/   2592     0%
Info: 	           MUX2_LUT8:       1/   2592     0%
Info: 	                 ALU:    1024/  15552     6%
Info: 	                 GND:       1/      1   100%
Info: 	                 DFF:    1727/  15552    11%
Info: 	           RAM16SDP4:       0/    648     0%
Info: 	               BSRAM:       4/     46     8%
Info: 	              ALU54D:       0/     24     0%
Info: 	     MULTADDALU18X18:       0/     24     0%
Info: 	        MULTALU18X18:       0/     24     0%
Info: 	        MULTALU36X18:       0/     24     0%
Info: 	           MULT36X36:       0/     12     0%
Info: 	           MULT18X18:       4/     48     8%
Info: 	             MULT9X9:       0/     96     0%
Info: 	              PADD18:       0/     48     0%
Info: 	               PADD9:       0/     96     0%
Info: 	                 GSR:       1/      1   100%
Info: 	                 OSC:       0/      1     0%
Info: 	                rPLL:       0/      2     0%
Info: 	                BUFG:       1/     24     4%
Info: 	                DQCE:       0/     24     0%
Info: 	                 DCS:       0/      8     0%
Info: 	               DHCEN:       0/     24     0%
Info: 	              CLKDIV:       0/      8     0%
Info: 	             CLKDIV2:       0/     16     0%

Info: Running custom HCLK placer...
Info: Placed 0 cells based on constraints.
Info: Creating initial analytic placement for 2663 cells, random placement wirelen = 161768.
Info:     at initial placer iter 0, wirelen = 1439
Info:     at initial placer iter 1, wirelen = 1150
Info:     at initial placer iter 2, wirelen = 1114
Info:     at initial placer iter 3, wirelen = 1069
Info: Running main analytical placer, max placement attempts per cell = 4286592.
Info:     at iteration #1, type ALL: wirelen solved = 1109, spread = 29089, legal = 55227; time = 1.27s
Info:     at iteration #2, type ALL: wirelen solved = 2388, spread = 19956, legal = 40817; time = 0.87s
Info:     at iteration #3, type ALL: wirelen solved = 4331, spread = 20380, legal = 41764; time = 1.13s
Info:     at iteration #4, type ALL: wirelen solved = 5014, spread = 20953, legal = 39052; time = 0.96s
Info:     at iteration #5, type ALL: wirelen solved = 6125, spread = 18381, legal = 36993; time = 1.19s
Info:     at iteration #6, type ALL: wirelen solved = 6687, spread = 18481, legal = 36630; time = 2.60s
Info:     at iteration #7, type ALL: wirelen solved = 7263, spread = 17951, legal = 36643; time = 1.24s
Info:     at iteration #8, type ALL: wirelen solved = 8326, spread = 17960, legal = 35632; time = 1.27s
Info:     at iteration #9, type ALL: wirelen solved = 8097, spread = 18275, legal = 34616; time = 1.16s
Info:     at iteration #10, type ALL: wirelen solved = 8982, spread = 17972, legal = 33853; time = 1.40s
Info:     at iteration #11, type ALL: wirelen solved = 9488, spread = 17828, legal = 33956; time = 1.86s
Info:     at iteration #12, type ALL: wirelen solved = 10227, spread = 17284, legal = 32012; time = 1.32s
Info:     at iteration #13, type ALL: wirelen solved = 10660, spread = 17065, legal = 32121; time = 0.51s
Info:     at iteration #14, type ALL: wirelen solved = 10987, spread = 19285, legal = 32693; time = 1.45s
Info:     at iteration #15, type ALL: wirelen solved = 11545, spread = 18544, legal = 31163; time = 0.46s
Info:     at iteration #16, type ALL: wirelen solved = 11888, spread = 20069, legal = 31571; time = 1.24s
Info:     at iteration #17, type ALL: wirelen solved = 12075, spread = 19160, legal = 31748; time = 1.10s
Info:     at iteration #18, type ALL: wirelen solved = 12707, spread = 18473, legal = 30461; time = 0.75s
Info:     at iteration #19, type ALL: wirelen solved = 13219, spread = 18859, legal = 30575; time = 1.19s
Info:     at iteration #20, type ALL: wirelen solved = 13584, spread = 19531, legal = 29113; time = 0.69s
Info:     at iteration #21, type ALL: wirelen solved = 13708, spread = 20875, legal = 30541; time = 0.96s
Info:     at iteration #22, type ALL: wirelen solved = 15062, spread = 19919, legal = 31015; time = 0.65s
Info:     at iteration #23, type ALL: wirelen solved = 14710, spread = 22406, legal = 31691; time = 0.86s
Info:     at iteration #24, type ALL: wirelen solved = 15930, spread = 21594, legal = 29603; time = 0.98s
Info:     at iteration #25, type ALL: wirelen solved = 15138, spread = 20012, legal = 28936; time = 0.48s
Info:     at iteration #26, type ALL: wirelen solved = 15437, spread = 19983, legal = 29393; time = 0.31s
Info:     at iteration #27, type ALL: wirelen solved = 15567, spread = 19820, legal = 31057; time = 0.63s
Info:     at iteration #28, type ALL: wirelen solved = 16117, spread = 20003, legal = 30185; time = 0.54s
Info:     at iteration #29, type ALL: wirelen solved = 16055, spread = 20443, legal = 29616; time = 0.42s
Info:     at iteration #30, type ALL: wirelen solved = 16734, spread = 22463, legal = 30225; time = 0.71s
Info: HeAP Placer Time: 31.68s
Info:   of which solving equations: 4.27s
Info:   of which spreading cells: 0.42s
Info:   of which strict legalisation: 25.96s

Info: Running simulated annealing placer for refinement.
Info:   at iteration #1: temp = 0.000000, timing cost = 98, wirelen = 28936
Info:   at iteration #5: temp = 0.000000, timing cost = 40, wirelen = 24823
Info:   at iteration #10: temp = 0.000000, timing cost = 38, wirelen = 23112
Info:   at iteration #15: temp = 0.000000, timing cost = 35, wirelen = 22227
Info:   at iteration #20: temp = 0.000000, timing cost = 34, wirelen = 21598
Info:   at iteration #25: temp = 0.000000, timing cost = 34, wirelen = 21329
Info:   at iteration #30: temp = 0.000000, timing cost = 33, wirelen = 21222
Info:   at iteration #31: temp = 0.000000, timing cost = 34, wirelen = 21215 
Info: SA placement time 20.63s

Info: Max frequency for clock 'u.clk': 143.66 MHz (PASS at 85.91 MHz)

Info: Slack histogram:
Info:  legend: * represents 7 endpoint(s)
Info:          + represents [1,7) endpoint(s)
Info: [  4679,   5014) |+
Info: [  5014,   5349) |+
Info: [  5349,   5684) | 
Info: [  5684,   6019) |**+
Info: [  6019,   6354) |***+
Info: [  6354,   6689) |********+
Info: [  6689,   7024) |**+
Info: [  7024,   7359) |**+
Info: [  7359,   7694) |***+
Info: [  7694,   8029) |*****+
Info: [  8029,   8364) |********+
Info: [  8364,   8699) |*********+
Info: [  8699,   9034) |********+
Info: [  9034,   9369) |************+
Info: [  9369,   9704) |***************+
Info: [  9704,  10039) |******************+
Info: [ 10039,  10374) |************+
Info: [ 10374,  10709) |*********+
Info: [ 10709,  11044) |**********************+
Info: [ 11044,  11379) |************************************************************ 
Info: Checksum: 0x29fa3ea6
Info: Routing globals...
Info:     'u.clk' net was routed.
Info:     'u.u_engine.u_core.h_DFFRE_Q_9_D[0]' is routed using segments.
Info:     'u.u_engine.u_core.h_DFFRE_Q_1_D[0]' is routed using segments.
Info:     'u.u_engine.u_core.h_DFFRE_Q_10_D[0]' is routed using segments.
Info:     'u.u_engine.u_core.h_DFFRE_Q_7_D[0]' is routed using segments.
Info:     'u.u_engine.u_core.h_DFFSE_Q_1_D[0]' is routed using segments.
Info:     'u.u_engine.u_core.h_DFFSE_Q_D[0]' is routed using segments.
Info:     'u.u_engine.u_core.h_DFFSE_Q_2_D[0]' is routed using segments.
Info:     'u.u_engine.st_DFF_Q_22_D_LUT4_F_I2_LUT4_F_I3_LUT3_I0_F' is routed using segments.
Info:     'u.u_engine.pmem.0.0_DO[1]' is routed using segments.
Info:     'u.u_engine.u_core.col_DFFE_Q_D_LUT3_I1_F_DFF_D_Q[3]' is routed using segments.
Info:     'u.u_engine.u_core.h_DFFRE_Q_4_D[0]' is routed using segments.
Info:     'u.u_engine.u_core.h_DFFRE_Q_3_D[0]' is routed using segments.
Info:     'u.u_engine.st_DFF_Q_D' is routed using segments.
Info:     'u.u_engine.u_core.h_DFFRE_Q_6_D[0]' is routed using segments.
Info:     'u.u_engine.u_core.col_DFFE_Q_D_LUT3_I1_F_DFF_D_Q[1]' is routed using segments.
Info:     'u.u_engine.u_core.h_DFFRE_Q_2_D[0]' is routed using segments.
Info:     'sh[13]' is routed using segments.
Info:     'sh[7]' is routed using segments.
Info:     'u.u_engine.st[5]' is routed using segments.
Info:     'u.u_engine.z_core_wr_LUT3_I1_F_LUT2_I1_F_LUT4_F_1_I3_LUT4_I3_2_F_LUT3_I2_F' is routed using segments.
Info:     'u.u_engine.z_core_wr_LUT3_I1_1_F_LUT3_I0_F' is routed using segments.
Info:     'u.u_engine.vwe_DFFR_Q_RESET_LUT2_I1_1_F' is routed using segments.
Info:     'u.u_engine.z_core_wr_DFFR_Q_RESET_LUT2_F_I0_LUT3_I1_F_LUT4_I3_F' is routed using segments.
Info:     'u.u_engine.z_core_wr_DFFR_Q_RESET_LUT2_F_I0_LUT3_I1_F_LUT4_I3_1_F' is routed using segments.
Info:     'u.u_engine.st_DFF_Q_3_D[1]' is routed using segments.
Info:     'u.u_engine.px_DFFE_Q_1_D_LUT4_F_I2_ALU_SUM_CIN_ALU_COUT_CIN_ALU_COUT_CIN_ALU_COUT_CIN_ALU_COUT_CIN_ALU_COUT_CIN_ALU_COUT_CIN_ALU_COUT_CIN_ALU_COUT_CIN_ALU_COUT_CIN_ALU_COUT_CIN_ALU_COUT_CIN_ALU_COUT_CIN_ALU_COUT_CIN_ALU_COUT_CIN_ALU_COUT_SUM[4]' is routed using segments.
Info:     'sh[6]' is routed using segments.
Info:     'u.u_engine.u_core.h_DFFRE_Q_8_D[0]' is routed using segments.
Info:     'u.u_engine.u_core.h_DFFRE_Q_D[0]' is routed using segments.
Info:     'u.u_engine.u_core.h_DFFRE_Q_11_D[0]' is routed using segments.
Info:     'u.u_engine.u_core.f_ovfx_DFFRE_Q_D_LUT3_I2_F[1]' is routed using segments.

Info: Routing..
Info: Setting up routing queue.
Info: Routing 13778 arcs.
Info:            |   (re-)routed arcs  |   delta    | remaining|       time spent     |
Info:    IterCnt |  w/ripup   wo/ripup |  w/r  wo/r |      arcs| batch(sec) total(sec)|
Info:       1000 |       44        919 |   44   919 |     12826|       1.11       1.11|
Info:       2000 |       57       1609 |   13   690 |     11842|       0.47       1.58|
Info:       3000 |       63       2484 |    6   875 |     10849|       0.65       2.23|
Info:       4000 |       63       3389 |    0   905 |      9849|       0.74       2.97|
Info:       5000 |       68       4285 |    5   896 |      8854|       0.75       3.72|
Info:       6000 |       79       5184 |   11   899 |      7865|       0.87       4.59|
Info:       7000 |       81       6083 |    2   899 |      6868|       0.82       5.42|
Info:       8000 |       94       6987 |   13   904 |      5881|       0.82       6.24|
Info:       9000 |      132       7849 |   38   862 |      4927|       1.01       7.25|
Info:      10000 |      160       8732 |   28   883 |      3960|       0.97       8.22|
Info:      11000 |      205       9572 |   45   840 |      3011|       1.15       9.37|
Info:      12000 |      270      10425 |   65   853 |      2091|       1.37      10.74|
Info:      13000 |      361      11253 |   91   828 |      1231|       1.40      12.14|
Info:      14000 |      495      12032 |  134   779 |       428|       1.92      14.06|
Info:      14513 |      563      12445 |   68   413 |         0|       1.18      15.25|
Info: Routing complete.
Info: Router1 time 15.25s
Info: Checksum: 0xf0475c23

Info: Critical path report for clock 'u.clk' (posedge -> posedge):
Info:       type curr  total name
Info:   clk-to-q  0.23  0.23 Source u.u_engine.scr_h_DFFRE_Q_8.Q
Info:    routing  0.62  0.85 Net u.u_engine.scr_h[1] (23,10) -> (19,10)
Info:                          Sink u.u_engine.st_DFF_Q_16_D_LUT4_F_I2_LUT4_F_I2_ALU_SUM_CIN_ALU_COUT_CIN_ALU_COUT_CIN_ALU_COUT_CIN_ALU_COUT_CIN_ALU_COUT_CIN_ALU_COUT_CIN_ALU_COUT_CIN_ALU_COUT_CIN_ALU_COUT_CIN_ALU_COUT_CIN_ALU_COUT_CIN_ALU_COUT_CIN_ALU_COUT_CIN_ALU_COUT.I1
Info:                          Defined in:
Info:                               ../rtl/geo3d_engine.v:98.30-98.35
Info:      logic  0.57  1.42 Source u.u_engine.st_DFF_Q_16_D_LUT4_F_I2_LUT4_F_I2_ALU_SUM_CIN_ALU_COUT_CIN_ALU_COUT_CIN_ALU_COUT_CIN_ALU_COUT_CIN_ALU_COUT_CIN_ALU_COUT_CIN_ALU_COUT_CIN_ALU_COUT_CIN_ALU_COUT_CIN_ALU_COUT_CIN_ALU_COUT_CIN_ALU_COUT_CIN_ALU_COUT_CIN_ALU_COUT.COUT
Info:    routing  0.00  1.42 Net u.u_engine.st_DFF_Q_16_D_LUT4_F_I2_LUT4_F_I2_ALU_SUM_CIN_ALU_COUT_CIN_ALU_COUT_CIN_ALU_COUT_CIN_ALU_COUT_CIN_ALU_COUT_CIN_ALU_COUT_CIN_ALU_COUT_CIN_ALU_COUT_CIN_ALU_COUT_CIN_ALU_COUT_CIN_ALU_COUT_CIN_ALU_COUT_CIN_ALU_COUT_CIN (19,10) -> (19,10)
Info:                          Sink u.u_engine.st_DFF_Q_16_D_LUT4_F_I2_LUT4_F_I2_ALU_SUM_CIN_ALU_COUT_CIN_ALU_COUT_CIN_ALU_COUT_CIN_ALU_COUT_CIN_ALU_COUT_CIN_ALU_COUT_CIN_ALU_COUT_CIN_ALU_COUT_CIN_ALU_COUT_CIN_ALU_COUT_CIN_ALU_COUT_CIN_ALU_COUT_CIN_ALU_COUT.CIN
Info:                          Defined in:
Info:                               ../rtl/geo3d_engine.v:270.25-270.49
Info:                               /share/gowin/arith_map.v:57.7-63.5
Info:                               /share/gowin/cells_sim.v:1033.25-1033.29
Info:      logic  0.04  1.45 Source u.u_engine.st_DFF_Q_16_D_LUT4_F_I2_LUT4_F_I2_ALU_SUM_CIN_ALU_COUT_CIN_ALU_COUT_CIN_ALU_COUT_CIN_ALU_COUT_CIN_ALU_COUT_CIN_ALU_COUT_CIN_ALU_COUT_CIN_ALU_COUT_CIN_ALU_COUT_CIN_ALU_COUT_CIN_ALU_COUT_CIN_ALU_COUT_CIN_ALU_COUT.COUT
Info:    routing  0.00  1.45 Net u.u_engine.st_DFF_Q_16_D_LUT4_F_I2_LUT4_F_I2_ALU_SUM_CIN_ALU_COUT_CIN_ALU_COUT_CIN_ALU_COUT_CIN_ALU_COUT_CIN_ALU_COUT_CIN_ALU_COUT_CIN_ALU_COUT_CIN_ALU_COUT_CIN_ALU_COUT_CIN_ALU_COUT_CIN_ALU_COUT_CIN_ALU_COUT_CIN (19,10) -> (19,10)
Info:                          Sink u.u_engine.st_DFF_Q_16_D_LUT4_F_I2_LUT4_F_I2_ALU_SUM_CIN_ALU_COUT_CIN_ALU_COUT_CIN_ALU_COUT_CIN_ALU_COUT_CIN_ALU_COUT_CIN_ALU_COUT_CIN_ALU_COUT_CIN_ALU_COUT_CIN_ALU_COUT_CIN_ALU_COUT_CIN_ALU_COUT_CIN_ALU_COUT.CIN
Info:                          Defined in:
Info:                               ../rtl/geo3d_engine.v:270.25-270.49
Info:                               /share/gowin/arith_map.v:57.7-63.5
Info:                               /share/gowin/cells_sim.v:1033.25-1033.29
Info:      logic  0.04  1.49 Source u.u_engine.st_DFF_Q_16_D_LUT4_F_I2_LUT4_F_I2_ALU_SUM_CIN_ALU_COUT_CIN_ALU_COUT_CIN_ALU_COUT_CIN_ALU_COUT_CIN_ALU_COUT_CIN_ALU_COUT_CIN_ALU_COUT_CIN_ALU_COUT_CIN_ALU_COUT_CIN_ALU_COUT_CIN_ALU_COUT_CIN_ALU_COUT.COUT
Info:    routing  0.00  1.49 Net u.u_engine.st_DFF_Q_16_D_LUT4_F_I2_LUT4_F_I2_ALU_SUM_CIN_ALU_COUT_CIN_ALU_COUT_CIN_ALU_COUT_CIN_ALU_COUT_CIN_ALU_COUT_CIN_ALU_COUT_CIN_ALU_COUT_CIN_ALU_COUT_CIN_ALU_COUT_CIN_ALU_COUT_CIN_ALU_COUT_CIN (19,10) -> (19,10)
Info:                          Sink u.u_engine.st_DFF_Q_16_D_LUT4_F_I2_LUT4_F_I2_ALU_SUM_CIN_ALU_COUT_CIN_ALU_COUT_CIN_ALU_COUT_CIN_ALU_COUT_CIN_ALU_COUT_CIN_ALU_COUT_CIN_ALU_COUT_CIN_ALU_COUT_CIN_ALU_COUT_CIN_ALU_COUT_CIN_ALU_COUT.CIN
Info:                          Defined in:
Info:                               ../rtl/geo3d_engine.v:270.25-270.49
Info:                               /share/gowin/arith_map.v:57.7-63.5
Info:                               /share/gowin/cells_sim.v:1033.25-1033.29
Info:      logic  0.04  1.52 Source u.u_engine.st_DFF_Q_16_D_LUT4_F_I2_LUT4_F_I2_ALU_SUM_CIN_ALU_COUT_CIN_ALU_COUT_CIN_ALU_COUT_CIN_ALU_COUT_CIN_ALU_COUT_CIN_ALU_COUT_CIN_ALU_COUT_CIN_ALU_COUT_CIN_ALU_COUT_CIN_ALU_COUT_CIN_ALU_COUT.COUT
Info:    routing  0.00  1.52 Net u.u_engine.st_DFF_Q_16_D_LUT4_F_I2_LUT4_F_I2_ALU_SUM_CIN_ALU_COUT_CIN_ALU_COUT_CIN_ALU_COUT_CIN_ALU_COUT_CIN_ALU_COUT_CIN_ALU_COUT_CIN_ALU_COUT_CIN_ALU_COUT_CIN_ALU_COUT_CIN_ALU_COUT_CIN (19,10) -> (20,10)
Info:                          Sink u.u_engine.st_DFF_Q_16_D_LUT4_F_I2_LUT4_F_I2_ALU_SUM_CIN_ALU_COUT_CIN_ALU_COUT_CIN_ALU_COUT_CIN_ALU_COUT_CIN_ALU_COUT_CIN_ALU_COUT_CIN_ALU_COUT_CIN_ALU_COUT_CIN_ALU_COUT_CIN_ALU_COUT.CIN
Info:                          Defined in:
Info:                               ../rtl/geo3d_engine.v:270.25-270.49
Info:                               /share/gowin/arith_map.v:57.7-63.5
Info:                               /share/gowin/cells_sim.v:1033.25-1033.29
Info:      logic  0.04  1.56 Source u.u_engine.st_DFF_Q_16_D_LUT4_F_I2_LUT4_F_I2_ALU_SUM_CIN_ALU_COUT_CIN_ALU_COUT_CIN_ALU_COUT_CIN_ALU_COUT_CIN_ALU_COUT_CIN_ALU_COUT_CIN_ALU_COUT_CIN_ALU_COUT_CIN_ALU_COUT_CIN_ALU_COUT.COUT
Info:    routing  0.00  1.56 Net u.u_engine.st_DFF_Q_16_D_LUT4_F_I2_LUT4_F_I2_ALU_SUM_CIN_ALU_COUT_CIN_ALU_COUT_CIN_ALU_COUT_CIN_ALU_COUT_CIN_ALU_COUT_CIN_ALU_COUT_CIN_ALU_COUT_CIN_ALU_COUT_CIN_ALU_COUT_CIN (20,10) -> (20,10)
Info:                          Sink u.u_engine.st_DFF_Q_16_D_LUT4_F_I2_LUT4_F_I2_ALU_SUM_CIN_ALU_COUT_CIN_ALU_COUT_CIN_ALU_COUT_CIN_ALU_COUT_CIN_ALU_COUT_CIN_ALU_COUT_CIN_ALU_COUT_CIN_ALU_COUT_CIN_ALU_COUT.CIN
Info:                          Defined in:
Info:                               ../rtl/geo3d_engine.v:270.25-270.49
Info:                               /share/gowin/arith_map.v:57.7-63.5
Info:                               /share/gowin/cells_sim.v:1033.25-1033.29
Info:      logic  0.04  1.59 Source u.u_engine.st_DFF_Q_16_D_LUT4_F_I2_LUT4_F_I2_ALU_SUM_CIN_ALU_COUT_CIN_ALU_COUT_CIN_ALU_COUT_CIN_ALU_COUT_CIN_ALU_COUT_CIN_ALU_COUT_CIN_ALU_COUT_CIN_ALU_COUT_CIN_ALU_COUT.COUT
Info:    routing  0.00  1.59 Net u.u_engine.st_DFF_Q_16_D_LUT4_F_I2_LUT4_F_I2_ALU_SUM_CIN_ALU_COUT_CIN_ALU_COUT_CIN_ALU_COUT_CIN_ALU_COUT_CIN_ALU_COUT_CIN_ALU_COUT_CIN_ALU_COUT_CIN_ALU_COUT_CIN (20,10) -> (20,10)
Info:                          Sink u.u_engine.st_DFF_Q_16_D_LUT4_F_I2_LUT4_F_I2_ALU_SUM_CIN_ALU_COUT_CIN_ALU_COUT_CIN_ALU_COUT_CIN_ALU_COUT_CIN_ALU_COUT_CIN_ALU_COUT_CIN_ALU_COUT_CIN_ALU_COUT.CIN
Info:                          Defined in:
Info:                               ../rtl/geo3d_engine.v:270.25-270.49
Info:                               /share/gowin/arith_map.v:57.7-63.5
Info:                               /share/gowin/cells_sim.v:1033.25-1033.29
Info:      logic  0.04  1.63 Source u.u_engine.st_DFF_Q_16_D_LUT4_F_I2_LUT4_F_I2_ALU_SUM_CIN_ALU_COUT_CIN_ALU_COUT_CIN_ALU_COUT_CIN_ALU_COUT_CIN_ALU_COUT_CIN_ALU_COUT_CIN_ALU_COUT_CIN_ALU_COUT.COUT
Info:    routing  0.00  1.63 Net u.u_engine.st_DFF_Q_16_D_LUT4_F_I2_LUT4_F_I2_ALU_SUM_CIN_ALU_COUT_CIN_ALU_COUT_CIN_ALU_COUT_CIN_ALU_COUT_CIN_ALU_COUT_CIN_ALU_COUT_CIN_ALU_COUT_CIN (20,10) -> (20,10)
Info:                          Sink u.u_engine.st_DFF_Q_16_D_LUT4_F_I2_LUT4_F_I2_ALU_SUM_CIN_ALU_COUT_CIN_ALU_COUT_CIN_ALU_COUT_CIN_ALU_COUT_CIN_ALU_COUT_CIN_ALU_COUT_CIN_ALU_COUT.CIN
Info:                          Defined in:
Info:                               ../rtl/geo3d_engine.v:270.25-270.49
Info:                               /share/gowin/arith_map.v:57.7-63.5
Info:                               /share/gowin/cells_sim.v:1033.25-1033.29
Info:      logic  0.04  1.66 Source u.u_engine.st_DFF_Q_16_D_LUT4_F_I2_LUT4_F_I2_ALU_SUM_CIN_ALU_COUT_CIN_ALU_COUT_CIN_ALU_COUT_CIN_ALU_COUT_CIN_ALU_COUT_CIN_ALU_COUT_CIN_ALU_COUT.COUT
Info:    routing  0.00  1.66 Net u.u_engine.st_DFF_Q_16_D_LUT4_F_I2_LUT4_F_I2_ALU_SUM_CIN_ALU_COUT_CIN_ALU_COUT_CIN_ALU_COUT_CIN_ALU_COUT_CIN_ALU_COUT_CIN_ALU_COUT_CIN (20,10) -> (20,10)
Info:                          Sink u.u_engine.st_DFF_Q_16_D_LUT4_F_I2_LUT4_F_I2_ALU_SUM_CIN_ALU_COUT_CIN_ALU_COUT_CIN_ALU_COUT_CIN_ALU_COUT_CIN_ALU_COUT_CIN_ALU_COUT.CIN
Info:                          Defined in:
Info:                               ../rtl/geo3d_engine.v:270.25-270.49
Info:                               /share/gowin/arith_map.v:57.7-63.5
Info:                               /share/gowin/cells_sim.v:1033.25-1033.29
Info:      logic  0.04  1.70 Source u.u_engine.st_DFF_Q_16_D_LUT4_F_I2_LUT4_F_I2_ALU_SUM_CIN_ALU_COUT_CIN_ALU_COUT_CIN_ALU_COUT_CIN_ALU_COUT_CIN_ALU_COUT_CIN_ALU_COUT.COUT
Info:    routing  0.00  1.70 Net u.u_engine.st_DFF_Q_16_D_LUT4_F_I2_LUT4_F_I2_ALU_SUM_CIN_ALU_COUT_CIN_ALU_COUT_CIN_ALU_COUT_CIN_ALU_COUT_CIN_ALU_COUT_CIN (20,10) -> (20,10)
Info:                          Sink u.u_engine.st_DFF_Q_16_D_LUT4_F_I2_LUT4_F_I2_ALU_SUM_CIN_ALU_COUT_CIN_ALU_COUT_CIN_ALU_COUT_CIN_ALU_COUT_CIN_ALU_COUT.CIN
Info:                          Defined in:
Info:                               ../rtl/geo3d_engine.v:270.25-270.49
Info:                               /share/gowin/arith_map.v:57.7-63.5
Info:                               /share/gowin/cells_sim.v:1033.25-1033.29
Info:      logic  0.04  1.73 Source u.u_engine.st_DFF_Q_16_D_LUT4_F_I2_LUT4_F_I2_ALU_SUM_CIN_ALU_COUT_CIN_ALU_COUT_CIN_ALU_COUT_CIN_ALU_COUT_CIN_ALU_COUT.COUT
Info:    routing  0.00  1.73 Net u.u_engine.st_DFF_Q_16_D_LUT4_F_I2_LUT4_F_I2_ALU_SUM_CIN_ALU_COUT_CIN_ALU_COUT_CIN_ALU_COUT_CIN_ALU_COUT_CIN (20,10) -> (21,10)
Info:                          Sink u.u_engine.st_DFF_Q_16_D_LUT4_F_I2_LUT4_F_I2_ALU_SUM_CIN_ALU_COUT_CIN_ALU_COUT_CIN_ALU_COUT_CIN_ALU_COUT.CIN
Info:                          Defined in:
Info:                               ../rtl/geo3d_engine.v:270.25-270.49
Info:                               /share/gowin/arith_map.v:57.7-63.5
Info:                               /share/gowin/cells_sim.v:1033.25-1033.29
Info:      logic  0.04  1.77 Source u.u_engine.st_DFF_Q_16_D_LUT4_F_I2_LUT4_F_I2_ALU_SUM_CIN_ALU_COUT_CIN_ALU_COUT_CIN_ALU_COUT_CIN_ALU_COUT.COUT
Info:    routing  0.00  1.77 Net u.u_engine.st_DFF_Q_16_D_LUT4_F_I2_LUT4_F_I2_ALU_SUM_CIN_ALU_COUT_CIN_ALU_COUT_CIN_ALU_COUT_CIN (21,10) -> (21,10)
Info:                          Sink u.u_engine.st_DFF_Q_16_D_LUT4_F_I2_LUT4_F_I2_ALU_SUM_CIN_ALU_COUT_CIN_ALU_COUT_CIN_ALU_COUT.CIN
Info:                          Defined in:
Info:                               ../rtl/geo3d_engine.v:270.25-270.49
Info:                               /share/gowin/arith_map.v:57.7-63.5
Info:                               /share/gowin/cells_sim.v:1033.25-1033.29
Info:      logic  0.04  1.80 Source u.u_engine.st_DFF_Q_16_D_LUT4_F_I2_LUT4_F_I2_ALU_SUM_CIN_ALU_COUT_CIN_ALU_COUT_CIN_ALU_COUT.COUT
Info:    routing  0.00  1.80 Net u.u_engine.st_DFF_Q_16_D_LUT4_F_I2_LUT4_F_I2_ALU_SUM_CIN_ALU_COUT_CIN_ALU_COUT_CIN (21,10) -> (21,10)
Info:                          Sink u.u_engine.st_DFF_Q_16_D_LUT4_F_I2_LUT4_F_I2_ALU_SUM_CIN_ALU_COUT_CIN_ALU_COUT.CIN
Info:                          Defined in:
Info:                               ../rtl/geo3d_engine.v:270.25-270.49
Info:                               /share/gowin/arith_map.v:57.7-63.5
Info:                               /share/gowin/cells_sim.v:1033.25-1033.29
Info:      logic  0.04  1.84 Source u.u_engine.st_DFF_Q_16_D_LUT4_F_I2_LUT4_F_I2_ALU_SUM_CIN_ALU_COUT_CIN_ALU_COUT.COUT
Info:    routing  0.00  1.84 Net u.u_engine.st_DFF_Q_16_D_LUT4_F_I2_LUT4_F_I2_ALU_SUM_CIN_ALU_COUT_CIN (21,10) -> (21,10)
Info:                          Sink u.u_engine.st_DFF_Q_16_D_LUT4_F_I2_LUT4_F_I2_ALU_SUM_CIN_ALU_COUT.CIN
Info:                          Defined in:
Info:                               ../rtl/geo3d_engine.v:270.25-270.49
Info:                               /share/gowin/arith_map.v:57.7-63.5
Info:                               /share/gowin/cells_sim.v:1033.25-1033.29
Info:      logic  0.04  1.87 Source u.u_engine.st_DFF_Q_16_D_LUT4_F_I2_LUT4_F_I2_ALU_SUM_CIN_ALU_COUT.COUT
Info:    routing  0.00  1.87 Net u.u_engine.st_DFF_Q_16_D_LUT4_F_I2_LUT4_F_I2_ALU_SUM_CIN_ALU_COUT_TAIL_ALULC (21,10) -> (21,10)
Info:                          Sink u.u_engine.st_DFF_Q_16_D_LUT4_F_I2_LUT4_F_I2_ALU_SUM_CIN_ALU_COUT_TAIL_ALULC.CIN
Info:      logic  0.47  2.34 Source u.u_engine.st_DFF_Q_16_D_LUT4_F_I2_LUT4_F_I2_ALU_SUM_CIN_ALU_COUT_TAIL_ALULC.SUM
Info:    routing  0.38  2.72 Net u.u_engine.st_DFF_Q_16_D_LUT4_F_I2_LUT4_F_I2[0] (21,10) -> (21,8)
Info:                          Sink u.u_engine.st_DFF_Q_16_D_LUT4_F_I2_LUT4_F_I2_ALU_SUM_HEAD_ALULC.I0
Info:                          Defined in:
Info:                               ../rtl/geo3d_engine.v:270.25-270.49
Info:                               /share/gowin/arith_map.v:57.7-63.5
Info:                               /share/gowin/cells_sim.v:1033.25-1033.29
Info:      logic  0.55  3.27 Source u.u_engine.st_DFF_Q_16_D_LUT4_F_I2_LUT4_F_I2_ALU_SUM_HEAD_ALULC.COUT
Info:    routing  0.00  3.27 Net u.u_engine.st_DFF_Q_16_D_LUT4_F_I2_LUT4_F_I2_ALU_SUM_HEAD_ALULC (21,8) -> (21,8)
Info:                          Sink u.u_engine.st_DFF_Q_16_D_LUT4_F_I2_LUT4_F_I2_ALU_SUM.CIN
Info:      logic  0.04  3.30 Source u.u_engine.st_DFF_Q_16_D_LUT4_F_I2_LUT4_F_I2_ALU_SUM.COUT
Info:    routing  0.00  3.30 Net u.u_engine.st_DFF_Q_16_D_LUT4_F_I2_LUT4_F_I2_ALU_SUM_TAIL_ALULC (21,8) -> (21,8)
Info:                          Sink u.u_engine.st_DFF_Q_16_D_LUT4_F_I2_LUT4_F_I2_ALU_SUM_TAIL_ALULC.CIN
Info:      logic  0.47  3.77 Source u.u_engine.st_DFF_Q_16_D_LUT4_F_I2_LUT4_F_I2_ALU_SUM_TAIL_ALULC.SUM
Info:    routing  0.14  3.91 Net u.u_engine.st_DFF_Q_16_D_LUT4_F_I2_LUT4_F_I2[1] (21,8) -> (21,8)
Info:                          Sink u.u_engine.st_DFF_Q_16_D_LUT4_F_I2_LUT4_F_I2_ALU_SUM_COUT_LUT4_I1.I1
Info:                          Defined in:
Info:                               ../rtl/geo3d_engine.v:270.25-270.49
Info:                               /share/gowin/arith_map.v:57.7-63.5
Info:                               /share/gowin/cells_sim.v:1033.25-1033.29
Info:      logic  0.57  4.48 Source u.u_engine.st_DFF_Q_16_D_LUT4_F_I2_LUT4_F_I2_ALU_SUM_COUT_LUT4_I1.F
Info:    routing  0.40  4.89 Net u.u_engine.st_DFF_Q_16_D_LUT4_F_I2_LUT4_F_I2_ALU_SUM_COUT_LUT4_I1_F[4] (21,8) -> (21,11)
Info:                          Sink u.u_engine.st_DFF_Q_10_D_LUT4_F_I2_LUT4_F_I1_LUT2_I1_F_LUT4_F.I3
Info:                          Defined in:
Info:                               /share/gowin/cells_map.v:130.20-130.21
Info:      logic  0.37  5.26 Source u.u_engine.st_DFF_Q_10_D_LUT4_F_I2_LUT4_F_I1_LUT2_I1_F_LUT4_F.F
Info:    routing  0.38  5.64 Net u.u_engine.st_DFF_Q_10_D_LUT4_F_I2_LUT4_F_I1_LUT2_I1_F[4] (21,11) -> (21,12)
Info:                          Sink u.u_engine.st_DFF_Q_10_D_LUT4_F_I2_LUT4_F_I1_LUT2_I1_F_LUT4_I3_F_MUX2_LUT5_I0.S0
Info:                          Defined in:
Info:                               /share/gowin/cells_map.v:130.20-130.21
Info:      logic  0.10  5.74 Source u.u_engine.st_DFF_Q_10_D_LUT4_F_I2_LUT4_F_I1_LUT2_I1_F_LUT4_I3_F_MUX2_LUT5_I0.O
Info:    routing  0.88  6.62 Net u.u_engine.st_DFF_Q_10_D_LUT4_F_I2_LUT4_F_I1_LUT2_I1_F_LUT4_I3_F_MUX2_LUT5_I0_O (21,12) -> (21,12)
Info:                          Sink u.u_engine.cnt_cull_DFFRE_Q_2.CE
Info:      setup  0.04  6.65 Source u.u_engine.cnt_cull_DFFRE_Q_2.CE
Info: 3.86 ns logic, 2.80 ns routing

Info: Max frequency for clock 'u.clk': 150.31 MHz (PASS at 85.91 MHz)

Info: Slack histogram:
Info:  legend: * represents 2 endpoint(s)
Info:          + represents [1,2) endpoint(s)
Info: [  4987,   5300) |*+
Info: [  5300,   5613) |*****+
Info: [  5613,   5926) |+
Info: [  5926,   6239) |*****+
Info: [  6239,   6552) |************+
Info: [  6552,   6865) |********+
Info: [  6865,   7178) | 
Info: [  7178,   7491) |**+
Info: [  7491,   7804) |*****+
Info: [  7804,   8117) |****************+
Info: [  8117,   8430) |*********************+
Info: [  8430,   8743) |*************************************+
Info: [  8743,   9056) |*************************+
Info: [  9056,   9369) |************************************************************ 
Info: [  9369,   9682) |***********************************+
Info: [  9682,   9995) |************************+
Info: [  9995,  10308) |*****************+
Info: [ 10308,  10621) |*****************+
Info: [ 10621,  10934) |**************************************+
Info: [ 10934,  11247) |*******+

Info: Program finished normally.
